Archive member included to satisfy reference by file (symbol)

c:/st/stm32cubeide_1.2.0/stm32cubeide/plugins/com.st.stm32cube.ide.mcu.externaltools.gnu-tools-for-stm32.7-2018-q2-update.win32_1.4.0.202007081208/tools/bin/../lib/gcc/arm-none-eabi/7.3.1/../../../../arm-none-eabi/lib/thumb/v7e-m/fpv4-sp/hard\libc_nano.a(lib_a-errno.o)
                              Core/Src/syscalls.o (__errno)
c:/st/stm32cubeide_1.2.0/stm32cubeide/plugins/com.st.stm32cube.ide.mcu.externaltools.gnu-tools-for-stm32.7-2018-q2-update.win32_1.4.0.202007081208/tools/bin/../lib/gcc/arm-none-eabi/7.3.1/../../../../arm-none-eabi/lib/thumb/v7e-m/fpv4-sp/hard\libc_nano.a(lib_a-exit.o)
                              c:/st/stm32cubeide_1.2.0/stm32cubeide/plugins/com.st.stm32cube.ide.mcu.externaltools.gnu-tools-for-stm32.7-2018-q2-update.win32_1.4.0.202007081208/tools/bin/../lib/gcc/arm-none-eabi/7.3.1/../../../../arm-none-eabi/lib/thumb/v7e-m/fpv4-sp/hard/crt0.o (exit)
c:/st/stm32cubeide_1.2.0/stm32cubeide/plugins/com.st.stm32cube.ide.mcu.externaltools.gnu-tools-for-stm32.7-2018-q2-update.win32_1.4.0.202007081208/tools/bin/../lib/gcc/arm-none-eabi/7.3.1/../../../../arm-none-eabi/lib/thumb/v7e-m/fpv4-sp/hard\libc_nano.a(lib_a-impure.o)
                              c:/st/stm32cubeide_1.2.0/stm32cubeide/plugins/com.st.stm32cube.ide.mcu.externaltools.gnu-tools-for-stm32.7-2018-q2-update.win32_1.4.0.202007081208/tools/bin/../lib/gcc/arm-none-eabi/7.3.1/../../../../arm-none-eabi/lib/thumb/v7e-m/fpv4-sp/hard\libc_nano.a(lib_a-exit.o) (_global_impure_ptr)
c:/st/stm32cubeide_1.2.0/stm32cubeide/plugins/com.st.stm32cube.ide.mcu.externaltools.gnu-tools-for-stm32.7-2018-q2-update.win32_1.4.0.202007081208/tools/bin/../lib/gcc/arm-none-eabi/7.3.1/../../../../arm-none-eabi/lib/thumb/v7e-m/fpv4-sp/hard\libc_nano.a(lib_a-init.o)
                              c:/st/stm32cubeide_1.2.0/stm32cubeide/plugins/com.st.stm32cube.ide.mcu.externaltools.gnu-tools-for-stm32.7-2018-q2-update.win32_1.4.0.202007081208/tools/bin/../lib/gcc/arm-none-eabi/7.3.1/../../../../arm-none-eabi/lib/thumb/v7e-m/fpv4-sp/hard/crt0.o (__libc_init_array)
c:/st/stm32cubeide_1.2.0/stm32cubeide/plugins/com.st.stm32cube.ide.mcu.externaltools.gnu-tools-for-stm32.7-2018-q2-update.win32_1.4.0.202007081208/tools/bin/../lib/gcc/arm-none-eabi/7.3.1/../../../../arm-none-eabi/lib/thumb/v7e-m/fpv4-sp/hard\libc_nano.a(lib_a-memset.o)
                              c:/st/stm32cubeide_1.2.0/stm32cubeide/plugins/com.st.stm32cube.ide.mcu.externaltools.gnu-tools-for-stm32.7-2018-q2-update.win32_1.4.0.202007081208/tools/bin/../lib/gcc/arm-none-eabi/7.3.1/../../../../arm-none-eabi/lib/thumb/v7e-m/fpv4-sp/hard/crt0.o (memset)
c:/st/stm32cubeide_1.2.0/stm32cubeide/plugins/com.st.stm32cube.ide.mcu.externaltools.gnu-tools-for-stm32.7-2018-q2-update.win32_1.4.0.202007081208/tools/bin/../lib/gcc/arm-none-eabi/7.3.1/thumb/v7e-m/fpv4-sp/hard\libgcc.a(_aeabi_uldivmod.o)
                              Drivers/STM32F4xx_HAL_Driver/Src/stm32f4xx_hal_rcc.o (__aeabi_uldivmod)
c:/st/stm32cubeide_1.2.0/stm32cubeide/plugins/com.st.stm32cube.ide.mcu.externaltools.gnu-tools-for-stm32.7-2018-q2-update.win32_1.4.0.202007081208/tools/bin/../lib/gcc/arm-none-eabi/7.3.1/thumb/v7e-m/fpv4-sp/hard\libgcc.a(_udivmoddi4.o)
                              c:/st/stm32cubeide_1.2.0/stm32cubeide/plugins/com.st.stm32cube.ide.mcu.externaltools.gnu-tools-for-stm32.7-2018-q2-update.win32_1.4.0.202007081208/tools/bin/../lib/gcc/arm-none-eabi/7.3.1/thumb/v7e-m/fpv4-sp/hard\libgcc.a(_aeabi_uldivmod.o) (__udivmoddi4)
c:/st/stm32cubeide_1.2.0/stm32cubeide/plugins/com.st.stm32cube.ide.mcu.externaltools.gnu-tools-for-stm32.7-2018-q2-update.win32_1.4.0.202007081208/tools/bin/../lib/gcc/arm-none-eabi/7.3.1/thumb/v7e-m/fpv4-sp/hard\libgcc.a(_dvmd_tls.o)
                              c:/st/stm32cubeide_1.2.0/stm32cubeide/plugins/com.st.stm32cube.ide.mcu.externaltools.gnu-tools-for-stm32.7-2018-q2-update.win32_1.4.0.202007081208/tools/bin/../lib/gcc/arm-none-eabi/7.3.1/thumb/v7e-m/fpv4-sp/hard\libgcc.a(_aeabi_uldivmod.o) (__aeabi_ldiv0)

Allocating common symbols
Common symbol       size              file

hdma_i2c3_tx        0x60              Core/Src/main.o
hdma_uart4_rx       0x60              Core/Src/main.o
hi2c3               0x54              Core/Src/main.o
hdma_i2c3_rx        0x60              Core/Src/main.o
htim4               0x40              Core/Src/main.o
mDataRead           0xe               Core/Src/main.o
uwTick              0x4               Drivers/STM32F4xx_HAL_Driver/Src/stm32f4xx_hal.o
pFlash              0x20              Drivers/STM32F4xx_HAL_Driver/Src/stm32f4xx_hal_flash.o
huart4              0x40              Core/Src/main.o
htim14              0x40              Core/Src/main.o
Motors              0x18              Core/Src/Motors.o
AG                  0x150             Core/Src/AccGyro.o

Discarded input sections

[...]
Memory Configuration

Name             Origin             Length             Attributes
RAM              0x0000000020000000 0x0000000000020000 xrw
FLASH            0x0000000008000000 0x0000000000080000 xr
*default*        0x0000000000000000 0xffffffffffffffff

Linker script and memory map

LOAD c:/st/stm32cubeide_1.2.0/stm32cubeide/plugins/com.st.stm32cube.ide.mcu.externaltools.gnu-tools-for-stm32.7-2018-q2-update.win32_1.4.0.202007081208/tools/bin/../lib/gcc/arm-none-eabi/7.3.1/thumb/v7e-m/fpv4-sp/hard/crti.o
LOAD c:/st/stm32cubeide_1.2.0/stm32cubeide/plugins/com.st.stm32cube.ide.mcu.externaltools.gnu-tools-for-stm32.7-2018-q2-update.win32_1.4.0.202007081208/tools/bin/../lib/gcc/arm-none-eabi/7.3.1/thumb/v7e-m/fpv4-sp/hard/crtbegin.o
LOAD c:/st/stm32cubeide_1.2.0/stm32cubeide/plugins/com.st.stm32cube.ide.mcu.externaltools.gnu-tools-for-stm32.7-2018-q2-update.win32_1.4.0.202007081208/tools/bin/../lib/gcc/arm-none-eabi/7.3.1/../../../../arm-none-eabi/lib/thumb/v7e-m/fpv4-sp/hard/crt0.o
LOAD Core/Src/AccGyro.o
LOAD Core/Src/Motors.o
LOAD Core/Src/main.o
LOAD Core/Src/stm32f4xx_hal_msp.o
LOAD Core/Src/stm32f4xx_it.o
LOAD Core/Src/syscalls.o
LOAD Core/Src/sysmem.o
LOAD Core/Src/system_stm32f4xx.o
LOAD Core/Startup/startup_stm32f446retx.o
LOAD Drivers/STM32F4xx_HAL_Driver/Src/stm32f4xx_hal.o
LOAD Drivers/STM32F4xx_HAL_Driver/Src/stm32f4xx_hal_cortex.o
LOAD Drivers/STM32F4xx_HAL_Driver/Src/stm32f4xx_hal_dma.o
LOAD Drivers/STM32F4xx_HAL_Driver/Src/stm32f4xx_hal_dma_ex.o
LOAD Drivers/STM32F4xx_HAL_Driver/Src/stm32f4xx_hal_exti.o
LOAD Drivers/STM32F4xx_HAL_Driver/Src/stm32f4xx_hal_flash.o
LOAD Drivers/STM32F4xx_HAL_Driver/Src/stm32f4xx_hal_flash_ex.o
LOAD Drivers/STM32F4xx_HAL_Driver/Src/stm32f4xx_hal_flash_ramfunc.o
LOAD Drivers/STM32F4xx_HAL_Driver/Src/stm32f4xx_hal_gpio.o
LOAD Drivers/STM32F4xx_HAL_Driver/Src/stm32f4xx_hal_i2c.o
LOAD Drivers/STM32F4xx_HAL_Driver/Src/stm32f4xx_hal_i2c_ex.o
LOAD Drivers/STM32F4xx_HAL_Driver/Src/stm32f4xx_hal_pwr.o
LOAD Drivers/STM32F4xx_HAL_Driver/Src/stm32f4xx_hal_pwr_ex.o
LOAD Drivers/STM32F4xx_HAL_Driver/Src/stm32f4xx_hal_rcc.o
LOAD Drivers/STM32F4xx_HAL_Driver/Src/stm32f4xx_hal_rcc_ex.o
LOAD Drivers/STM32F4xx_HAL_Driver/Src/stm32f4xx_hal_tim.o
LOAD Drivers/STM32F4xx_HAL_Driver/Src/stm32f4xx_hal_tim_ex.o
LOAD Drivers/STM32F4xx_HAL_Driver/Src/stm32f4xx_hal_uart.o
START GROUP
LOAD c:/st/stm32cubeide_1.2.0/stm32cubeide/plugins/com.st.stm32cube.ide.mcu.externaltools.gnu-tools-for-stm32.7-2018-q2-update.win32_1.4.0.202007081208/tools/bin/../lib/gcc/arm-none-eabi/7.3.1/../../../../arm-none-eabi/lib/thumb/v7e-m/fpv4-sp/hard\libc_nano.a
LOAD c:/st/stm32cubeide_1.2.0/stm32cubeide/plugins/com.st.stm32cube.ide.mcu.externaltools.gnu-tools-for-stm32.7-2018-q2-update.win32_1.4.0.202007081208/tools/bin/../lib/gcc/arm-none-eabi/7.3.1/../../../../arm-none-eabi/lib/thumb/v7e-m/fpv4-sp/hard\libm.a
END GROUP
START GROUP
LOAD c:/st/stm32cubeide_1.2.0/stm32cubeide/plugins/com.st.stm32cube.ide.mcu.externaltools.gnu-tools-for-stm32.7-2018-q2-update.win32_1.4.0.202007081208/tools/bin/../lib/gcc/arm-none-eabi/7.3.1/thumb/v7e-m/fpv4-sp/hard\libgcc.a
LOAD c:/st/stm32cubeide_1.2.0/stm32cubeide/plugins/com.st.stm32cube.ide.mcu.externaltools.gnu-tools-for-stm32.7-2018-q2-update.win32_1.4.0.202007081208/tools/bin/../lib/gcc/arm-none-eabi/7.3.1/../../../../arm-none-eabi/lib/thumb/v7e-m/fpv4-sp/hard\libc_nano.a
END GROUP
START GROUP
LOAD c:/st/stm32cubeide_1.2.0/stm32cubeide/plugins/com.st.stm32cube.ide.mcu.externaltools.gnu-tools-for-stm32.7-2018-q2-update.win32_1.4.0.202007081208/tools/bin/../lib/gcc/arm-none-eabi/7.3.1/thumb/v7e-m/fpv4-sp/hard\libgcc.a
LOAD c:/st/stm32cubeide_1.2.0/stm32cubeide/plugins/com.st.stm32cube.ide.mcu.externaltools.gnu-tools-for-stm32.7-2018-q2-update.win32_1.4.0.202007081208/tools/bin/../lib/gcc/arm-none-eabi/7.3.1/../../../../arm-none-eabi/lib/thumb/v7e-m/fpv4-sp/hard\libc_nano.a
LOAD c:/st/stm32cubeide_1.2.0/stm32cubeide/plugins/com.st.stm32cube.ide.mcu.externaltools.gnu-tools-for-stm32.7-2018-q2-update.win32_1.4.0.202007081208/tools/bin/../lib/gcc/arm-none-eabi/7.3.1/../../../../arm-none-eabi/lib/thumb/v7e-m/fpv4-sp/hard\libnosys.a
END GROUP
START GROUP
LOAD c:/st/stm32cubeide_1.2.0/stm32cubeide/plugins/com.st.stm32cube.ide.mcu.externaltools.gnu-tools-for-stm32.7-2018-q2-update.win32_1.4.0.202007081208/tools/bin/../lib/gcc/arm-none-eabi/7.3.1/thumb/v7e-m/fpv4-sp/hard\libgcc.a
LOAD c:/st/stm32cubeide_1.2.0/stm32cubeide/plugins/com.st.stm32cube.ide.mcu.externaltools.gnu-tools-for-stm32.7-2018-q2-update.win32_1.4.0.202007081208/tools/bin/../lib/gcc/arm-none-eabi/7.3.1/../../../../arm-none-eabi/lib/thumb/v7e-m/fpv4-sp/hard\libc_nano.a
LOAD c:/st/stm32cubeide_1.2.0/stm32cubeide/plugins/com.st.stm32cube.ide.mcu.externaltools.gnu-tools-for-stm32.7-2018-q2-update.win32_1.4.0.202007081208/tools/bin/../lib/gcc/arm-none-eabi/7.3.1/../../../../arm-none-eabi/lib/thumb/v7e-m/fpv4-sp/hard\libnosys.a
END GROUP
LOAD c:/st/stm32cubeide_1.2.0/stm32cubeide/plugins/com.st.stm32cube.ide.mcu.externaltools.gnu-tools-for-stm32.7-2018-q2-update.win32_1.4.0.202007081208/tools/bin/../lib/gcc/arm-none-eabi/7.3.1/thumb/v7e-m/fpv4-sp/hard/crtend.o
LOAD c:/st/stm32cubeide_1.2.0/stm32cubeide/plugins/com.st.stm32cube.ide.mcu.externaltools.gnu-tools-for-stm32.7-2018-q2-update.win32_1.4.0.202007081208/tools/bin/../lib/gcc/arm-none-eabi/7.3.1/thumb/v7e-m/fpv4-sp/hard/crtn.o
                0x0000000020020000                _estack = (ORIGIN (RAM) + LENGTH (RAM))
                0x0000000000000200                _Min_Heap_Size = 0x200
                0x0000000000000400                _Min_Stack_Size = 0x400

.isr_vector     0x0000000008000000      0x1c4
                0x0000000008000000                . = ALIGN (0x4)
 *(.isr_vector)
 .isr_vector    0x0000000008000000      0x1c4 Core/Startup/startup_stm32f446retx.o
                0x0000000008000000                g_pfnVectors
                0x00000000080001c4                . = ALIGN (0x4)

.text           0x00000000080001c4     0x7090
                0x00000000080001c4                . = ALIGN (0x4)
 *(.text)
 .text          0x00000000080001c4       0x40 c:/st/stm32cubeide_1.2.0/stm32cubeide/plugins/com.st.stm32cube.ide.mcu.externaltools.gnu-tools-for-stm32.7-2018-q2-update.win32_1.4.0.202007081208/tools/bin/../lib/gcc/arm-none-eabi/7.3.1/thumb/v7e-m/fpv4-sp/hard/crtbegin.o
 .text          0x0000000008000204       0x30 c:/st/stm32cubeide_1.2.0/stm32cubeide/plugins/com.st.stm32cube.ide.mcu.externaltools.gnu-tools-for-stm32.7-2018-q2-update.win32_1.4.0.202007081208/tools/bin/../lib/gcc/arm-none-eabi/7.3.1/thumb/v7e-m/fpv4-sp/hard\libgcc.a(_aeabi_uldivmod.o)
                0x0000000008000204                __aeabi_uldivmod
 .text          0x0000000008000234      0x2cc c:/st/stm32cubeide_1.2.0/stm32cubeide/plugins/com.st.stm32cube.ide.mcu.externaltools.gnu-tools-for-stm32.7-2018-q2-update.win32_1.4.0.202007081208/tools/bin/../lib/gcc/arm-none-eabi/7.3.1/thumb/v7e-m/fpv4-sp/hard\libgcc.a(_udivmoddi4.o)
                0x0000000008000234                __udivmoddi4
 .text          0x0000000008000500        0x4 c:/st/stm32cubeide_1.2.0/stm32cubeide/plugins/com.st.stm32cube.ide.mcu.externaltools.gnu-tools-for-stm32.7-2018-q2-update.win32_1.4.0.202007081208/tools/bin/../lib/gcc/arm-none-eabi/7.3.1/thumb/v7e-m/fpv4-sp/hard\libgcc.a(_dvmd_tls.o)
                0x0000000008000500                __aeabi_idiv0
                0x0000000008000500                __aeabi_ldiv0
 *(.text*)
 .text.AG_start
                0x0000000008000504       0x7c Core/Src/AccGyro.o
                0x0000000008000504                AG_start
 .text.AG_AddNewValues
                0x0000000008000580      0x1b8 Core/Src/AccGyro.o
                0x0000000008000580                AG_AddNewValues
 .text.I2C_Write8
                0x0000000008000738       0x38 Core/Src/AccGyro.o
                0x0000000008000738                I2C_Write8
 .text.Motors_Init
                0x0000000008000770       0x20 Core/Src/Motors.o
                0x0000000008000770                Motors_Init
 .text.Motors_Hold
                0x0000000008000790       0x74 Core/Src/Motors.o
                0x0000000008000790                Motors_Hold
 .text.Motors_Set
                0x0000000008000804      0x244 Core/Src/Motors.o
                0x0000000008000804                Motors_Set
 .text.tiltFL   0x0000000008000a48      0x118 Core/Src/Motors.o
                0x0000000008000a48                tiltFL
 .text.tiltFR   0x0000000008000b60      0x118 Core/Src/Motors.o
                0x0000000008000b60                tiltFR
 .text.main     0x0000000008000c78      0x184 Core/Src/main.o
                0x0000000008000c78                main
 .text.SystemClock_Config
                0x0000000008000dfc       0xdc Core/Src/main.o
                0x0000000008000dfc                SystemClock_Config
 .text.MX_I2C3_Init
                0x0000000008000ed8       0x5c Core/Src/main.o
 .text.MX_TIM4_Init
                0x0000000008000f34      0x130 Core/Src/main.o
 .text.MX_TIM14_Init
                0x0000000008001064       0x48 Core/Src/main.o
 .text.MX_UART4_Init
                0x00000000080010ac       0x54 Core/Src/main.o
 .text.MX_DMA_Init
                0x0000000008001100       0x60 Core/Src/main.o
 .text.MX_GPIO_Init
                0x0000000008001160       0xd0 Core/Src/main.o
 .text.getCRC   0x0000000008001230       0x6c Core/Src/main.o
                0x0000000008001230                getCRC
 .text.HAL_TIM_PeriodElapsedCallback
                0x000000000800129c       0x5c Core/Src/main.o
                0x000000000800129c                HAL_TIM_PeriodElapsedCallback
 .text.HAL_UART_RxCpltCallback
                0x00000000080012f8       0x24 Core/Src/main.o
                0x00000000080012f8                HAL_UART_RxCpltCallback
 .text.HAL_GPIO_EXTI_Callback
                0x000000000800131c       0x2c Core/Src/main.o
                0x000000000800131c                HAL_GPIO_EXTI_Callback
 .text.HAL_I2C_MemRxCpltCallback
                0x0000000008001348       0x30 Core/Src/main.o
                0x0000000008001348                HAL_I2C_MemRxCpltCallback
 .text.Error_Handler
                0x0000000008001378        0xe Core/Src/main.o
                0x0000000008001378                Error_Handler
 *fill*         0x0000000008001386        0x2 
 .text.HAL_MspInit
                0x0000000008001388       0x50 Core/Src/stm32f4xx_hal_msp.o
                0x0000000008001388                HAL_MspInit
 .text.HAL_I2C_MspInit
                0x00000000080013d8      0x1bc Core/Src/stm32f4xx_hal_msp.o
                0x00000000080013d8                HAL_I2C_MspInit
 .text.HAL_TIM_Base_MspInit
                0x0000000008001594       0x7c Core/Src/stm32f4xx_hal_msp.o
                0x0000000008001594                HAL_TIM_Base_MspInit
 .text.HAL_TIM_MspPostInit
                0x0000000008001610       0x74 Core/Src/stm32f4xx_hal_msp.o
                0x0000000008001610                HAL_TIM_MspPostInit
 .text.HAL_UART_MspInit
                0x0000000008001684       0xf8 Core/Src/stm32f4xx_hal_msp.o
                0x0000000008001684                HAL_UART_MspInit
 .text.NMI_Handler
                0x000000000800177c        0xe Core/Src/stm32f4xx_it.o
                0x000000000800177c                NMI_Handler
 .text.HardFault_Handler
                0x000000000800178a        0x6 Core/Src/stm32f4xx_it.o
                0x000000000800178a                HardFault_Handler
 .text.MemManage_Handler
                0x0000000008001790        0x6 Core/Src/stm32f4xx_it.o
                0x0000000008001790                MemManage_Handler
 .text.BusFault_Handler
                0x0000000008001796        0x6 Core/Src/stm32f4xx_it.o
                0x0000000008001796                BusFault_Handler
 .text.UsageFault_Handler
                0x000000000800179c        0x6 Core/Src/stm32f4xx_it.o
                0x000000000800179c                UsageFault_Handler
 .text.SVC_Handler
                0x00000000080017a2        0xe Core/Src/stm32f4xx_it.o
                0x00000000080017a2                SVC_Handler
 .text.DebugMon_Handler
                0x00000000080017b0        0xe Core/Src/stm32f4xx_it.o
                0x00000000080017b0                DebugMon_Handler
 .text.PendSV_Handler
                0x00000000080017be        0xe Core/Src/stm32f4xx_it.o
                0x00000000080017be                PendSV_Handler
 .text.SysTick_Handler
                0x00000000080017cc        0xc Core/Src/stm32f4xx_it.o
                0x00000000080017cc                SysTick_Handler
 .text.DMA1_Stream1_IRQHandler
                0x00000000080017d8       0x14 Core/Src/stm32f4xx_it.o
                0x00000000080017d8                DMA1_Stream1_IRQHandler
 .text.DMA1_Stream2_IRQHandler
                0x00000000080017ec       0x14 Core/Src/stm32f4xx_it.o
                0x00000000080017ec                DMA1_Stream2_IRQHandler
 .text.DMA1_Stream4_IRQHandler
                0x0000000008001800       0x14 Core/Src/stm32f4xx_it.o
                0x0000000008001800                DMA1_Stream4_IRQHandler
 .text.EXTI15_10_IRQHandler
                0x0000000008001814       0x10 Core/Src/stm32f4xx_it.o
                0x0000000008001814                EXTI15_10_IRQHandler
 .text.TIM8_TRG_COM_TIM14_IRQHandler
                0x0000000008001824       0x14 Core/Src/stm32f4xx_it.o
                0x0000000008001824                TIM8_TRG_COM_TIM14_IRQHandler
 .text.I2C3_EV_IRQHandler
                0x0000000008001838       0x14 Core/Src/stm32f4xx_it.o
                0x0000000008001838                I2C3_EV_IRQHandler
 .text.I2C3_ER_IRQHandler
                0x000000000800184c       0x14 Core/Src/stm32f4xx_it.o
                0x000000000800184c                I2C3_ER_IRQHandler
 .text.SystemInit
                0x0000000008001860       0x2c Core/Src/system_stm32f4xx.o
                0x0000000008001860                SystemInit
 .text.Reset_Handler
                0x000000000800188c       0x50 Core/Startup/startup_stm32f446retx.o
                0x000000000800188c                Reset_Handler
 .text.Default_Handler
                0x00000000080018dc        0x2 Core/Startup/startup_stm32f446retx.o
                0x00000000080018dc                RTC_Alarm_IRQHandler
                0x00000000080018dc                EXTI2_IRQHandler
                0x00000000080018dc                TIM8_CC_IRQHandler
                0x00000000080018dc                FMPI2C1_EV_IRQHandler
                0x00000000080018dc                SPI4_IRQHandler
                0x00000000080018dc                TIM1_CC_IRQHandler
                0x00000000080018dc                DMA2_Stream5_IRQHandler
                0x00000000080018dc                DMA1_Stream5_IRQHandler
                0x00000000080018dc                PVD_IRQHandler
                0x00000000080018dc                SDIO_IRQHandler
                0x00000000080018dc                TAMP_STAMP_IRQHandler
                0x00000000080018dc                CAN2_RX1_IRQHandler
                0x00000000080018dc                EXTI3_IRQHandler
                0x00000000080018dc                TIM1_UP_TIM10_IRQHandler
                0x00000000080018dc                TIM8_UP_TIM13_IRQHandler
                0x00000000080018dc                EXTI0_IRQHandler
                0x00000000080018dc                I2C2_EV_IRQHandler
                0x00000000080018dc                CAN1_RX0_IRQHandler
                0x00000000080018dc                FPU_IRQHandler
                0x00000000080018dc                OTG_HS_WKUP_IRQHandler
                0x00000000080018dc                CAN2_SCE_IRQHandler
                0x00000000080018dc                DMA2_Stream2_IRQHandler
                0x00000000080018dc                SPI1_IRQHandler
                0x00000000080018dc                TIM6_DAC_IRQHandler
                0x00000000080018dc                TIM1_BRK_TIM9_IRQHandler
                0x00000000080018dc                DCMI_IRQHandler
                0x00000000080018dc                CAN2_RX0_IRQHandler
                0x00000000080018dc                DMA2_Stream3_IRQHandler
                0x00000000080018dc                SAI2_IRQHandler
                0x00000000080018dc                USART6_IRQHandler
                0x00000000080018dc                USART3_IRQHandler
                0x00000000080018dc                CAN1_RX1_IRQHandler
                0x00000000080018dc                UART5_IRQHandler
                0x00000000080018dc                DMA2_Stream0_IRQHandler
                0x00000000080018dc                TIM4_IRQHandler
                0x00000000080018dc                QUADSPI_IRQHandler
                0x00000000080018dc                I2C1_EV_IRQHandler
                0x00000000080018dc                DMA1_Stream6_IRQHandler
                0x00000000080018dc                UART4_IRQHandler
                0x00000000080018dc                TIM3_IRQHandler
                0x00000000080018dc                RCC_IRQHandler
                0x00000000080018dc                TIM8_BRK_TIM12_IRQHandler
                0x00000000080018dc                Default_Handler
                0x00000000080018dc                CEC_IRQHandler
                0x00000000080018dc                ADC_IRQHandler
                0x00000000080018dc                DMA1_Stream7_IRQHandler
                0x00000000080018dc                TIM7_IRQHandler
                0x00000000080018dc                CAN2_TX_IRQHandler
                0x00000000080018dc                TIM5_IRQHandler
                0x00000000080018dc                DMA2_Stream7_IRQHandler
                0x00000000080018dc                EXTI9_5_IRQHandler
                0x00000000080018dc                RTC_WKUP_IRQHandler
                0x00000000080018dc                SPDIF_RX_IRQHandler
                0x00000000080018dc                SPI2_IRQHandler
                0x00000000080018dc                OTG_HS_EP1_IN_IRQHandler
                0x00000000080018dc                DMA1_Stream0_IRQHandler
                0x00000000080018dc                CAN1_TX_IRQHandler
                0x00000000080018dc                FMPI2C1_ER_IRQHandler
                0x00000000080018dc                EXTI4_IRQHandler
                0x00000000080018dc                OTG_HS_EP1_OUT_IRQHandler
                0x00000000080018dc                WWDG_IRQHandler
                0x00000000080018dc                TIM2_IRQHandler
                0x00000000080018dc                OTG_FS_WKUP_IRQHandler
                0x00000000080018dc                TIM1_TRG_COM_TIM11_IRQHandler
                0x00000000080018dc                OTG_HS_IRQHandler
                0x00000000080018dc                EXTI1_IRQHandler
                0x00000000080018dc                USART2_IRQHandler
                0x00000000080018dc                I2C2_ER_IRQHandler
                0x00000000080018dc                DMA2_Stream1_IRQHandler
                0x00000000080018dc                CAN1_SCE_IRQHandler
                0x00000000080018dc                FLASH_IRQHandler
                0x00000000080018dc                DMA2_Stream4_IRQHandler
                0x00000000080018dc                USART1_IRQHandler
                0x00000000080018dc                OTG_FS_IRQHandler
                0x00000000080018dc                SPI3_IRQHandler
                0x00000000080018dc                I2C1_ER_IRQHandler
                0x00000000080018dc                FMC_IRQHandler
                0x00000000080018dc                DMA2_Stream6_IRQHandler
                0x00000000080018dc                SAI1_IRQHandler
                0x00000000080018dc                DMA1_Stream3_IRQHandler
 *fill*         0x00000000080018de        0x2 
 .text.HAL_Init
                0x00000000080018e0       0x44 Drivers/STM32F4xx_HAL_Driver/Src/stm32f4xx_hal.o
                0x00000000080018e0                HAL_Init
 .text.HAL_InitTick
                0x0000000008001924       0x60 Drivers/STM32F4xx_HAL_Driver/Src/stm32f4xx_hal.o
                0x0000000008001924                HAL_InitTick
 .text.HAL_IncTick
                0x0000000008001984       0x28 Drivers/STM32F4xx_HAL_Driver/Src/stm32f4xx_hal.o
                0x0000000008001984                HAL_IncTick
 .text.HAL_GetTick
                0x00000000080019ac       0x18 Drivers/STM32F4xx_HAL_Driver/Src/stm32f4xx_hal.o
                0x00000000080019ac                HAL_GetTick
 .text.HAL_Delay
                0x00000000080019c4       0x44 Drivers/STM32F4xx_HAL_Driver/Src/stm32f4xx_hal.o
                0x00000000080019c4                HAL_Delay
 .text.__NVIC_SetPriorityGrouping
                0x0000000008001a08       0x48 Drivers/STM32F4xx_HAL_Driver/Src/stm32f4xx_hal_cortex.o
 .text.__NVIC_GetPriorityGrouping
                0x0000000008001a50       0x1c Drivers/STM32F4xx_HAL_Driver/Src/stm32f4xx_hal_cortex.o
 .text.__NVIC_EnableIRQ
                0x0000000008001a6c       0x3c Drivers/STM32F4xx_HAL_Driver/Src/stm32f4xx_hal_cortex.o
 .text.__NVIC_SetPriority
                0x0000000008001aa8       0x54 Drivers/STM32F4xx_HAL_Driver/Src/stm32f4xx_hal_cortex.o
 .text.NVIC_EncodePriority
                0x0000000008001afc       0x66 Drivers/STM32F4xx_HAL_Driver/Src/stm32f4xx_hal_cortex.o
 *fill*         0x0000000008001b62        0x2 
 .text.SysTick_Config
                0x0000000008001b64       0x44 Drivers/STM32F4xx_HAL_Driver/Src/stm32f4xx_hal_cortex.o
 .text.HAL_NVIC_SetPriorityGrouping
                0x0000000008001ba8       0x16 Drivers/STM32F4xx_HAL_Driver/Src/stm32f4xx_hal_cortex.o
                0x0000000008001ba8                HAL_NVIC_SetPriorityGrouping
 .text.HAL_NVIC_SetPriority
                0x0000000008001bbe       0x38 Drivers/STM32F4xx_HAL_Driver/Src/stm32f4xx_hal_cortex.o
                0x0000000008001bbe                HAL_NVIC_SetPriority
 .text.HAL_NVIC_EnableIRQ
                0x0000000008001bf6       0x1c Drivers/STM32F4xx_HAL_Driver/Src/stm32f4xx_hal_cortex.o
                0x0000000008001bf6                HAL_NVIC_EnableIRQ
 .text.HAL_SYSTICK_Config
                0x0000000008001c12       0x18 Drivers/STM32F4xx_HAL_Driver/Src/stm32f4xx_hal_cortex.o
                0x0000000008001c12                HAL_SYSTICK_Config
 *fill*         0x0000000008001c2a        0x2 
 .text.HAL_DMA_Init
                0x0000000008001c2c      0x15c Drivers/STM32F4xx_HAL_Driver/Src/stm32f4xx_hal_dma.o
                0x0000000008001c2c                HAL_DMA_Init
 .text.HAL_DMA_Start_IT
                0x0000000008001d88       0xb0 Drivers/STM32F4xx_HAL_Driver/Src/stm32f4xx_hal_dma.o
                0x0000000008001d88                HAL_DMA_Start_IT
 .text.HAL_DMA_Abort
                0x0000000008001e38       0xe0 Drivers/STM32F4xx_HAL_Driver/Src/stm32f4xx_hal_dma.o
                0x0000000008001e38                HAL_DMA_Abort
 .text.HAL_DMA_Abort_IT
                0x0000000008001f18       0x44 Drivers/STM32F4xx_HAL_Driver/Src/stm32f4xx_hal_dma.o
                0x0000000008001f18                HAL_DMA_Abort_IT
 .text.HAL_DMA_IRQHandler
                0x0000000008001f5c      0x314 Drivers/STM32F4xx_HAL_Driver/Src/stm32f4xx_hal_dma.o
                0x0000000008001f5c                HAL_DMA_IRQHandler
 .text.HAL_DMA_GetState
                0x0000000008002270       0x1c Drivers/STM32F4xx_HAL_Driver/Src/stm32f4xx_hal_dma.o
                0x0000000008002270                HAL_DMA_GetState
 .text.HAL_DMA_GetError
                0x000000000800228c       0x18 Drivers/STM32F4xx_HAL_Driver/Src/stm32f4xx_hal_dma.o
                0x000000000800228c                HAL_DMA_GetError
 .text.DMA_SetConfig
                0x00000000080022a4       0x5c Drivers/STM32F4xx_HAL_Driver/Src/stm32f4xx_hal_dma.o
 .text.DMA_CalcBaseAndBitshift
                0x0000000008002300       0x6c Drivers/STM32F4xx_HAL_Driver/Src/stm32f4xx_hal_dma.o
 .text.DMA_CheckFifoParam
                0x000000000800236c       0xf4 Drivers/STM32F4xx_HAL_Driver/Src/stm32f4xx_hal_dma.o
 .text.HAL_GPIO_Init
                0x0000000008002460      0x324 Drivers/STM32F4xx_HAL_Driver/Src/stm32f4xx_hal_gpio.o
                0x0000000008002460                HAL_GPIO_Init
 .text.HAL_GPIO_WritePin
                0x0000000008002784       0x32 Drivers/STM32F4xx_HAL_Driver/Src/stm32f4xx_hal_gpio.o
                0x0000000008002784                HAL_GPIO_WritePin
 *fill*         0x00000000080027b6        0x2 
 .text.HAL_GPIO_EXTI_IRQHandler
                0x00000000080027b8       0x30 Drivers/STM32F4xx_HAL_Driver/Src/stm32f4xx_hal_gpio.o
                0x00000000080027b8                HAL_GPIO_EXTI_IRQHandler
 .text.HAL_I2C_Init
                0x00000000080027e8      0x270 Drivers/STM32F4xx_HAL_Driver/Src/stm32f4xx_hal_i2c.o
                0x00000000080027e8                HAL_I2C_Init
 .text.HAL_I2C_Master_Transmit
                0x0000000008002a58      0x1fc Drivers/STM32F4xx_HAL_Driver/Src/stm32f4xx_hal_i2c.o
                0x0000000008002a58                HAL_I2C_Master_Transmit
 .text.HAL_I2C_Mem_Read_DMA
                0x0000000008002c54      0x298 Drivers/STM32F4xx_HAL_Driver/Src/stm32f4xx_hal_i2c.o
                0x0000000008002c54                HAL_I2C_Mem_Read_DMA
 .text.HAL_I2C_EV_IRQHandler
                0x0000000008002eec      0x2cc Drivers/STM32F4xx_HAL_Driver/Src/stm32f4xx_hal_i2c.o
                0x0000000008002eec                HAL_I2C_EV_IRQHandler
 .text.HAL_I2C_ER_IRQHandler
                0x00000000080031b8      0x14e Drivers/STM32F4xx_HAL_Driver/Src/stm32f4xx_hal_i2c.o
                0x00000000080031b8                HAL_I2C_ER_IRQHandler
 .text.HAL_I2C_MasterTxCpltCallback
                0x0000000008003306       0x14 Drivers/STM32F4xx_HAL_Driver/Src/stm32f4xx_hal_i2c.o
                0x0000000008003306                HAL_I2C_MasterTxCpltCallback
 .text.HAL_I2C_MasterRxCpltCallback
                0x000000000800331a       0x14 Drivers/STM32F4xx_HAL_Driver/Src/stm32f4xx_hal_i2c.o
                0x000000000800331a                HAL_I2C_MasterRxCpltCallback
 .text.HAL_I2C_SlaveTxCpltCallback
                0x000000000800332e       0x14 Drivers/STM32F4xx_HAL_Driver/Src/stm32f4xx_hal_i2c.o
                0x000000000800332e                HAL_I2C_SlaveTxCpltCallback
 .text.HAL_I2C_SlaveRxCpltCallback
                0x0000000008003342       0x14 Drivers/STM32F4xx_HAL_Driver/Src/stm32f4xx_hal_i2c.o
                0x0000000008003342                HAL_I2C_SlaveRxCpltCallback
 .text.HAL_I2C_AddrCallback
                0x0000000008003356       0x1c Drivers/STM32F4xx_HAL_Driver/Src/stm32f4xx_hal_i2c.o
                0x0000000008003356                HAL_I2C_AddrCallback
 .text.HAL_I2C_ListenCpltCallback
                0x0000000008003372       0x14 Drivers/STM32F4xx_HAL_Driver/Src/stm32f4xx_hal_i2c.o
                0x0000000008003372                HAL_I2C_ListenCpltCallback
 .text.HAL_I2C_MemTxCpltCallback
                0x0000000008003386       0x14 Drivers/STM32F4xx_HAL_Driver/Src/stm32f4xx_hal_i2c.o
                0x0000000008003386                HAL_I2C_MemTxCpltCallback
 .text.HAL_I2C_ErrorCallback
                0x000000000800339a       0x14 Drivers/STM32F4xx_HAL_Driver/Src/stm32f4xx_hal_i2c.o
                0x000000000800339a                HAL_I2C_ErrorCallback
 .text.HAL_I2C_AbortCpltCallback
                0x00000000080033ae       0x14 Drivers/STM32F4xx_HAL_Driver/Src/stm32f4xx_hal_i2c.o
                0x00000000080033ae                HAL_I2C_AbortCpltCallback
 .text.I2C_MasterTransmit_TXE
                0x00000000080033c2      0x138 Drivers/STM32F4xx_HAL_Driver/Src/stm32f4xx_hal_i2c.o
 .text.I2C_MasterTransmit_BTF
                0x00000000080034fa      0x100 Drivers/STM32F4xx_HAL_Driver/Src/stm32f4xx_hal_i2c.o
 .text.I2C_MemoryTransmit_TXE_BTF
                0x00000000080035fa       0xce Drivers/STM32F4xx_HAL_Driver/Src/stm32f4xx_hal_i2c.o
 .text.I2C_MasterReceive_RXNE
                0x00000000080036c8      0x104 Drivers/STM32F4xx_HAL_Driver/Src/stm32f4xx_hal_i2c.o
 .text.I2C_MasterReceive_BTF
                0x00000000080037cc      0x1d4 Drivers/STM32F4xx_HAL_Driver/Src/stm32f4xx_hal_i2c.o
 .text.I2C_Master_SB
                0x00000000080039a0      0x10c Drivers/STM32F4xx_HAL_Driver/Src/stm32f4xx_hal_i2c.o
 .text.I2C_Master_ADD10
                0x0000000008003aac       0x54 Drivers/STM32F4xx_HAL_Driver/Src/stm32f4xx_hal_i2c.o
 .text.I2C_Master_ADDR
                0x0000000008003b00      0x322 Drivers/STM32F4xx_HAL_Driver/Src/stm32f4xx_hal_i2c.o
 .text.I2C_SlaveTransmit_TXE
                0x0000000008003e22       0x7a Drivers/STM32F4xx_HAL_Driver/Src/stm32f4xx_hal_i2c.o
 .text.I2C_SlaveTransmit_BTF
                0x0000000008003e9c       0x42 Drivers/STM32F4xx_HAL_Driver/Src/stm32f4xx_hal_i2c.o
 .text.I2C_SlaveReceive_RXNE
                0x0000000008003ede       0x7c Drivers/STM32F4xx_HAL_Driver/Src/stm32f4xx_hal_i2c.o
 .text.I2C_SlaveReceive_BTF
                0x0000000008003f5a       0x44 Drivers/STM32F4xx_HAL_Driver/Src/stm32f4xx_hal_i2c.o
 .text.I2C_Slave_ADDR
                0x0000000008003f9e       0x88 Drivers/STM32F4xx_HAL_Driver/Src/stm32f4xx_hal_i2c.o
 *fill*         0x0000000008004026        0x2 
 .text.I2C_Slave_STOPF
                0x0000000008004028      0x260 Drivers/STM32F4xx_HAL_Driver/Src/stm32f4xx_hal_i2c.o
 .text.I2C_Slave_AF
                0x0000000008004288       0xe0 Drivers/STM32F4xx_HAL_Driver/Src/stm32f4xx_hal_i2c.o
 .text.I2C_ITError
                0x0000000008004368      0x25c Drivers/STM32F4xx_HAL_Driver/Src/stm32f4xx_hal_i2c.o
 .text.I2C_MasterRequestWrite
                0x00000000080045c4      0x104 Drivers/STM32F4xx_HAL_Driver/Src/stm32f4xx_hal_i2c.o
 .text.I2C_RequestMemoryRead
                0x00000000080046c8      0x1cc Drivers/STM32F4xx_HAL_Driver/Src/stm32f4xx_hal_i2c.o
 .text.I2C_DMAXferCplt
                0x0000000008004894      0x1aa Drivers/STM32F4xx_HAL_Driver/Src/stm32f4xx_hal_i2c.o
 .text.I2C_DMAError
                0x0000000008004a3e       0x7a Drivers/STM32F4xx_HAL_Driver/Src/stm32f4xx_hal_i2c.o
 .text.I2C_DMAAbort
                0x0000000008004ab8       0xfe Drivers/STM32F4xx_HAL_Driver/Src/stm32f4xx_hal_i2c.o
 .text.I2C_WaitOnFlagUntilTimeout
                0x0000000008004bb6       0xae Drivers/STM32F4xx_HAL_Driver/Src/stm32f4xx_hal_i2c.o
 .text.I2C_WaitOnMasterAddressFlagUntilTimeout
                0x0000000008004c64       0xfe Drivers/STM32F4xx_HAL_Driver/Src/stm32f4xx_hal_i2c.o
 .text.I2C_WaitOnTXEFlagUntilTimeout
                0x0000000008004d62       0x82 Drivers/STM32F4xx_HAL_Driver/Src/stm32f4xx_hal_i2c.o
 .text.I2C_WaitOnBTFFlagUntilTimeout
                0x0000000008004de4       0x82 Drivers/STM32F4xx_HAL_Driver/Src/stm32f4xx_hal_i2c.o
 .text.I2C_IsAcknowledgeFailed
                0x0000000008004e66       0x5e Drivers/STM32F4xx_HAL_Driver/Src/stm32f4xx_hal_i2c.o
 .text.I2C_ConvertOtherXferOptions
                0x0000000008004ec4       0x36 Drivers/STM32F4xx_HAL_Driver/Src/stm32f4xx_hal_i2c.o
 *fill*         0x0000000008004efa        0x2 
 .text.HAL_RCC_ClockConfig
                0x0000000008004efc      0x1cc Drivers/STM32F4xx_HAL_Driver/Src/stm32f4xx_hal_rcc.o
                0x0000000008004efc                HAL_RCC_ClockConfig
 .text.HAL_RCC_GetHCLKFreq
                0x00000000080050c8       0x18 Drivers/STM32F4xx_HAL_Driver/Src/stm32f4xx_hal_rcc.o
                0x00000000080050c8                HAL_RCC_GetHCLKFreq
 .text.HAL_RCC_GetPCLK1Freq
                0x00000000080050e0       0x28 Drivers/STM32F4xx_HAL_Driver/Src/stm32f4xx_hal_rcc.o
                0x00000000080050e0                HAL_RCC_GetPCLK1Freq
 .text.HAL_RCC_GetPCLK2Freq
                0x0000000008005108       0x28 Drivers/STM32F4xx_HAL_Driver/Src/stm32f4xx_hal_rcc.o
                0x0000000008005108                HAL_RCC_GetPCLK2Freq
 .text.HAL_RCC_GetSysClockFreq
                0x0000000008005130      0x2a4 Drivers/STM32F4xx_HAL_Driver/Src/stm32f4xx_hal_rcc_ex.o
                0x0000000008005130                HAL_RCC_GetSysClockFreq
 .text.HAL_RCC_OscConfig
                0x00000000080053d4      0x4b4 Drivers/STM32F4xx_HAL_Driver/Src/stm32f4xx_hal_rcc_ex.o
                0x00000000080053d4                HAL_RCC_OscConfig
 .text.HAL_TIM_Base_Init
                0x0000000008005888       0x56 Drivers/STM32F4xx_HAL_Driver/Src/stm32f4xx_hal_tim.o
                0x0000000008005888                HAL_TIM_Base_Init
 .text.HAL_TIM_Base_Start
                0x00000000080058de       0x48 Drivers/STM32F4xx_HAL_Driver/Src/stm32f4xx_hal_tim.o
                0x00000000080058de                HAL_TIM_Base_Start
 .text.HAL_TIM_Base_Start_IT
                0x0000000008005926       0x48 Drivers/STM32F4xx_HAL_Driver/Src/stm32f4xx_hal_tim.o
                0x0000000008005926                HAL_TIM_Base_Start_IT
 .text.HAL_TIM_PWM_Init
                0x000000000800596e       0x56 Drivers/STM32F4xx_HAL_Driver/Src/stm32f4xx_hal_tim.o
                0x000000000800596e                HAL_TIM_PWM_Init
 .text.HAL_TIM_PWM_MspInit
                0x00000000080059c4       0x14 Drivers/STM32F4xx_HAL_Driver/Src/stm32f4xx_hal_tim.o
                0x00000000080059c4                HAL_TIM_PWM_MspInit
 .text.HAL_TIM_PWM_Start
                0x00000000080059d8       0x7c Drivers/STM32F4xx_HAL_Driver/Src/stm32f4xx_hal_tim.o
                0x00000000080059d8                HAL_TIM_PWM_Start
 .text.HAL_TIM_IRQHandler
                0x0000000008005a54      0x210 Drivers/STM32F4xx_HAL_Driver/Src/stm32f4xx_hal_tim.o
                0x0000000008005a54                HAL_TIM_IRQHandler
 .text.HAL_TIM_PWM_ConfigChannel
                0x0000000008005c64      0x18c Drivers/STM32F4xx_HAL_Driver/Src/stm32f4xx_hal_tim.o
                0x0000000008005c64                HAL_TIM_PWM_ConfigChannel
 .text.HAL_TIM_ConfigClockSource
                0x0000000008005df0      0x16e Drivers/STM32F4xx_HAL_Driver/Src/stm32f4xx_hal_tim.o
                0x0000000008005df0                HAL_TIM_ConfigClockSource
 .text.HAL_TIM_OC_DelayElapsedCallback
                0x0000000008005f5e       0x14 Drivers/STM32F4xx_HAL_Driver/Src/stm32f4xx_hal_tim.o
                0x0000000008005f5e                HAL_TIM_OC_DelayElapsedCallback
 .text.HAL_TIM_IC_CaptureCallback
                0x0000000008005f72       0x14 Drivers/STM32F4xx_HAL_Driver/Src/stm32f4xx_hal_tim.o
                0x0000000008005f72                HAL_TIM_IC_CaptureCallback
 .text.HAL_TIM_PWM_PulseFinishedCallback
                0x0000000008005f86       0x14 Drivers/STM32F4xx_HAL_Driver/Src/stm32f4xx_hal_tim.o
                0x0000000008005f86                HAL_TIM_PWM_PulseFinishedCallback
 .text.HAL_TIM_TriggerCallback
                0x0000000008005f9a       0x14 Drivers/STM32F4xx_HAL_Driver/Src/stm32f4xx_hal_tim.o
                0x0000000008005f9a                HAL_TIM_TriggerCallback
 *fill*         0x0000000008005fae        0x2 
 .text.TIM_Base_SetConfig
                0x0000000008005fb0      0x140 Drivers/STM32F4xx_HAL_Driver/Src/stm32f4xx_hal_tim.o
                0x0000000008005fb0                TIM_Base_SetConfig
 .text.TIM_OC1_SetConfig
                0x00000000080060f0       0xe0 Drivers/STM32F4xx_HAL_Driver/Src/stm32f4xx_hal_tim.o
 .text.TIM_OC2_SetConfig
                0x00000000080061d0       0xec Drivers/STM32F4xx_HAL_Driver/Src/stm32f4xx_hal_tim.o
                0x00000000080061d0                TIM_OC2_SetConfig
 .text.TIM_OC3_SetConfig
                0x00000000080062bc       0xe8 Drivers/STM32F4xx_HAL_Driver/Src/stm32f4xx_hal_tim.o
 .text.TIM_OC4_SetConfig
                0x00000000080063a4       0xac Drivers/STM32F4xx_HAL_Driver/Src/stm32f4xx_hal_tim.o
 .text.TIM_TI1_ConfigInputStage
                0x0000000008006450       0x5e Drivers/STM32F4xx_HAL_Driver/Src/stm32f4xx_hal_tim.o
 .text.TIM_TI2_ConfigInputStage
                0x00000000080064ae       0x60 Drivers/STM32F4xx_HAL_Driver/Src/stm32f4xx_hal_tim.o
 .text.TIM_ITRx_SetConfig
                0x000000000800650e       0x36 Drivers/STM32F4xx_HAL_Driver/Src/stm32f4xx_hal_tim.o
 .text.TIM_ETR_SetConfig
                0x0000000008006544       0x40 Drivers/STM32F4xx_HAL_Driver/Src/stm32f4xx_hal_tim.o
                0x0000000008006544                TIM_ETR_SetConfig
 .text.TIM_CCxChannelCmd
                0x0000000008006584       0x4a Drivers/STM32F4xx_HAL_Driver/Src/stm32f4xx_hal_tim.o
                0x0000000008006584                TIM_CCxChannelCmd
 *fill*         0x00000000080065ce        0x2 
 .text.HAL_TIMEx_MasterConfigSynchronization
                0x00000000080065d0       0xf8 Drivers/STM32F4xx_HAL_Driver/Src/stm32f4xx_hal_tim_ex.o
                0x00000000080065d0                HAL_TIMEx_MasterConfigSynchronization
 .text.HAL_TIMEx_CommutCallback
                0x00000000080066c8       0x14 Drivers/STM32F4xx_HAL_Driver/Src/stm32f4xx_hal_tim_ex.o
                0x00000000080066c8                HAL_TIMEx_CommutCallback
 .text.HAL_TIMEx_BreakCallback
                0x00000000080066dc       0x14 Drivers/STM32F4xx_HAL_Driver/Src/stm32f4xx_hal_tim_ex.o
                0x00000000080066dc                HAL_TIMEx_BreakCallback
 .text.HAL_UART_Init
                0x00000000080066f0       0x9a Drivers/STM32F4xx_HAL_Driver/Src/stm32f4xx_hal_uart.o
                0x00000000080066f0                HAL_UART_Init
 *fill*         0x000000000800678a        0x2 
 .text.HAL_UART_Receive_DMA
                0x000000000800678c      0x100 Drivers/STM32F4xx_HAL_Driver/Src/stm32f4xx_hal_uart.o
                0x000000000800678c                HAL_UART_Receive_DMA
 .text.HAL_UART_DMAStop
                0x000000000800688c       0xb6 Drivers/STM32F4xx_HAL_Driver/Src/stm32f4xx_hal_uart.o
                0x000000000800688c                HAL_UART_DMAStop
 .text.HAL_UART_RxHalfCpltCallback
                0x0000000008006942       0x14 Drivers/STM32F4xx_HAL_Driver/Src/stm32f4xx_hal_uart.o
                0x0000000008006942                HAL_UART_RxHalfCpltCallback
 .text.HAL_UART_ErrorCallback
                0x0000000008006956       0x14 Drivers/STM32F4xx_HAL_Driver/Src/stm32f4xx_hal_uart.o
                0x0000000008006956                HAL_UART_ErrorCallback
 .text.UART_DMAReceiveCplt
                0x000000000800696a       0x68 Drivers/STM32F4xx_HAL_Driver/Src/stm32f4xx_hal_uart.o
 .text.UART_DMARxHalfCplt
                0x00000000080069d2       0x1c Drivers/STM32F4xx_HAL_Driver/Src/stm32f4xx_hal_uart.o
 .text.UART_DMAError
                0x00000000080069ee       0x94 Drivers/STM32F4xx_HAL_Driver/Src/stm32f4xx_hal_uart.o
 .text.UART_EndTxTransfer
                0x0000000008006a82       0x2c Drivers/STM32F4xx_HAL_Driver/Src/stm32f4xx_hal_uart.o
 .text.UART_EndRxTransfer
                0x0000000008006aae       0x3c Drivers/STM32F4xx_HAL_Driver/Src/stm32f4xx_hal_uart.o
 *fill*         0x0000000008006aea        0x2 
 .text.UART_SetConfig
                0x0000000008006aec      0x6f8 Drivers/STM32F4xx_HAL_Driver/Src/stm32f4xx_hal_uart.o
 .text.__libc_init_array
                0x00000000080071e4       0x48 c:/st/stm32cubeide_1.2.0/stm32cubeide/plugins/com.st.stm32cube.ide.mcu.externaltools.gnu-tools-for-stm32.7-2018-q2-update.win32_1.4.0.202007081208/tools/bin/../lib/gcc/arm-none-eabi/7.3.1/../../../../arm-none-eabi/lib/thumb/v7e-m/fpv4-sp/hard\libc_nano.a(lib_a-init.o)
                0x00000000080071e4                __libc_init_array
 .text.memset   0x000000000800722c       0x10 c:/st/stm32cubeide_1.2.0/stm32cubeide/plugins/com.st.stm32cube.ide.mcu.externaltools.gnu-tools-for-stm32.7-2018-q2-update.win32_1.4.0.202007081208/tools/bin/../lib/gcc/arm-none-eabi/7.3.1/../../../../arm-none-eabi/lib/thumb/v7e-m/fpv4-sp/hard\libc_nano.a(lib_a-memset.o)
                0x000000000800722c                memset
 *(.glue_7)
 .glue_7        0x000000000800723c        0x0 linker stubs
 *(.glue_7t)
 .glue_7t       0x000000000800723c        0x0 linker stubs
 *(.eh_frame)
 .eh_frame      0x000000000800723c        0x0 c:/st/stm32cubeide_1.2.0/stm32cubeide/plugins/com.st.stm32cube.ide.mcu.externaltools.gnu-tools-for-stm32.7-2018-q2-update.win32_1.4.0.202007081208/tools/bin/../lib/gcc/arm-none-eabi/7.3.1/thumb/v7e-m/fpv4-sp/hard/crtbegin.o
 *(.init)
 .init          0x000000000800723c        0x4 c:/st/stm32cubeide_1.2.0/stm32cubeide/plugins/com.st.stm32cube.ide.mcu.externaltools.gnu-tools-for-stm32.7-2018-q2-update.win32_1.4.0.202007081208/tools/bin/../lib/gcc/arm-none-eabi/7.3.1/thumb/v7e-m/fpv4-sp/hard/crti.o
                0x000000000800723c                _init
 .init          0x0000000008007240        0x8 c:/st/stm32cubeide_1.2.0/stm32cubeide/plugins/com.st.stm32cube.ide.mcu.externaltools.gnu-tools-for-stm32.7-2018-q2-update.win32_1.4.0.202007081208/tools/bin/../lib/gcc/arm-none-eabi/7.3.1/thumb/v7e-m/fpv4-sp/hard/crtn.o
 *(.fini)
 .fini          0x0000000008007248        0x4 c:/st/stm32cubeide_1.2.0/stm32cubeide/plugins/com.st.stm32cube.ide.mcu.externaltools.gnu-tools-for-stm32.7-2018-q2-update.win32_1.4.0.202007081208/tools/bin/../lib/gcc/arm-none-eabi/7.3.1/thumb/v7e-m/fpv4-sp/hard/crti.o
                0x0000000008007248                _fini
 .fini          0x000000000800724c        0x8 c:/st/stm32cubeide_1.2.0/stm32cubeide/plugins/com.st.stm32cube.ide.mcu.externaltools.gnu-tools-for-stm32.7-2018-q2-update.win32_1.4.0.202007081208/tools/bin/../lib/gcc/arm-none-eabi/7.3.1/thumb/v7e-m/fpv4-sp/hard/crtn.o
                0x0000000008007254                . = ALIGN (0x4)
                0x0000000008007254                _etext = .

.vfp11_veneer   0x0000000008007254        0x0
 .vfp11_veneer  0x0000000008007254        0x0 linker stubs

.v4_bx          0x0000000008007254        0x0
 .v4_bx         0x0000000008007254        0x0 linker stubs

.iplt           0x0000000008007254        0x0
 .iplt          0x0000000008007254        0x0 c:/st/stm32cubeide_1.2.0/stm32cubeide/plugins/com.st.stm32cube.ide.mcu.externaltools.gnu-tools-for-stm32.7-2018-q2-update.win32_1.4.0.202007081208/tools/bin/../lib/gcc/arm-none-eabi/7.3.1/thumb/v7e-m/fpv4-sp/hard/crtbegin.o

.rodata         0x0000000008007254       0x20
                0x0000000008007254                . = ALIGN (0x4)
 *(.rodata)
 *(.rodata*)
 .rodata.AHBPrescTable
                0x0000000008007254       0x10 Core/Src/system_stm32f4xx.o
                0x0000000008007254                AHBPrescTable
 .rodata.APBPrescTable
                0x0000000008007264        0x8 Core/Src/system_stm32f4xx.o
                0x0000000008007264                APBPrescTable
 .rodata.flagBitshiftOffset.8425
                0x000000000800726c        0x8 Drivers/STM32F4xx_HAL_Driver/Src/stm32f4xx_hal_dma.o
                0x0000000008007274                . = ALIGN (0x4)

.ARM.extab      0x0000000008007274        0x0
                0x0000000008007274                . = ALIGN (0x4)
 *(.ARM.extab* .gnu.linkonce.armextab.*)
                0x0000000008007274                . = ALIGN (0x4)

.ARM            0x0000000008007274        0x8
                0x0000000008007274                . = ALIGN (0x4)
                0x0000000008007274                __exidx_start = .
 *(.ARM.exidx*)
 .ARM.exidx     0x0000000008007274        0x8 c:/st/stm32cubeide_1.2.0/stm32cubeide/plugins/com.st.stm32cube.ide.mcu.externaltools.gnu-tools-for-stm32.7-2018-q2-update.win32_1.4.0.202007081208/tools/bin/../lib/gcc/arm-none-eabi/7.3.1/thumb/v7e-m/fpv4-sp/hard\libgcc.a(_udivmoddi4.o)
                0x000000000800727c                __exidx_end = .
                0x000000000800727c                . = ALIGN (0x4)

.rel.dyn        0x000000000800727c        0x0
 .rel.iplt      0x000000000800727c        0x0 c:/st/stm32cubeide_1.2.0/stm32cubeide/plugins/com.st.stm32cube.ide.mcu.externaltools.gnu-tools-for-stm32.7-2018-q2-update.win32_1.4.0.202007081208/tools/bin/../lib/gcc/arm-none-eabi/7.3.1/thumb/v7e-m/fpv4-sp/hard/crtbegin.o

.preinit_array  0x000000000800727c        0x0
                0x000000000800727c                . = ALIGN (0x4)
                0x000000000800727c                PROVIDE (__preinit_array_start = .)
 *(.preinit_array*)
                0x000000000800727c                PROVIDE (__preinit_array_end = .)
                0x000000000800727c                . = ALIGN (0x4)

.init_array     0x000000000800727c        0x4
                0x000000000800727c                . = ALIGN (0x4)
                0x000000000800727c                PROVIDE (__init_array_start = .)
 *(SORT_BY_NAME(.init_array.*))
 *(.init_array*)
 .init_array    0x000000000800727c        0x4 c:/st/stm32cubeide_1.2.0/stm32cubeide/plugins/com.st.stm32cube.ide.mcu.externaltools.gnu-tools-for-stm32.7-2018-q2-update.win32_1.4.0.202007081208/tools/bin/../lib/gcc/arm-none-eabi/7.3.1/thumb/v7e-m/fpv4-sp/hard/crtbegin.o
                0x0000000008007280                PROVIDE (__init_array_end = .)
                0x0000000008007280                . = ALIGN (0x4)

.fini_array     0x0000000008007280        0x4
                0x0000000008007280                . = ALIGN (0x4)
                [!provide]                        PROVIDE (__fini_array_start = .)
 *(SORT_BY_NAME(.fini_array.*))
 *(.fini_array*)
 .fini_array    0x0000000008007280        0x4 c:/st/stm32cubeide_1.2.0/stm32cubeide/plugins/com.st.stm32cube.ide.mcu.externaltools.gnu-tools-for-stm32.7-2018-q2-update.win32_1.4.0.202007081208/tools/bin/../lib/gcc/arm-none-eabi/7.3.1/thumb/v7e-m/fpv4-sp/hard/crtbegin.o
                [!provide]                        PROVIDE (__fini_array_end = .)
                0x0000000008007284                . = ALIGN (0x4)
                0x0000000008007284                _sidata = LOADADDR (.data)

.data           0x0000000020000000       0x10 load address 0x0000000008007284
                0x0000000020000000                . = ALIGN (0x4)
                0x0000000020000000                _sdata = .
 *(.data)
 *(.data*)
 .data.mFlags   0x0000000020000000        0x1 Core/Src/main.o
                0x0000000020000000                mFlags
 *fill*         0x0000000020000001        0x3 
 .data.SystemCoreClock
                0x0000000020000004        0x4 Core/Src/system_stm32f4xx.o
                0x0000000020000004                SystemCoreClock
 .data.uwTickPrio
                0x0000000020000008        0x4 Drivers/STM32F4xx_HAL_Driver/Src/stm32f4xx_hal.o
                0x0000000020000008                uwTickPrio
 .data.uwTickFreq
                0x000000002000000c        0x1 Drivers/STM32F4xx_HAL_Driver/Src/stm32f4xx_hal.o
                0x000000002000000c                uwTickFreq
                0x0000000020000010                . = ALIGN (0x4)
 *fill*         0x000000002000000d        0x3 
                0x0000000020000010                _edata = .

.igot.plt       0x0000000020000010        0x0 load address 0x0000000008007294
 .igot.plt      0x0000000020000010        0x0 c:/st/stm32cubeide_1.2.0/stm32cubeide/plugins/com.st.stm32cube.ide.mcu.externaltools.gnu-tools-for-stm32.7-2018-q2-update.win32_1.4.0.202007081208/tools/bin/../lib/gcc/arm-none-eabi/7.3.1/thumb/v7e-m/fpv4-sp/hard/crtbegin.o
                0x0000000020000010                . = ALIGN (0x4)

.bss            0x0000000020000010      0x3cc load address 0x0000000008007294
                0x0000000020000010                _sbss = .
                0x0000000020000010                __bss_start__ = _sbss
 *(.bss)
 .bss           0x0000000020000010       0x1c c:/st/stm32cubeide_1.2.0/stm32cubeide/plugins/com.st.stm32cube.ide.mcu.externaltools.gnu-tools-for-stm32.7-2018-q2-update.win32_1.4.0.202007081208/tools/bin/../lib/gcc/arm-none-eabi/7.3.1/thumb/v7e-m/fpv4-sp/hard/crtbegin.o
 *(.bss*)
 *(COMMON)
 COMMON         0x000000002000002c      0x150 Core/Src/AccGyro.o
                0x000000002000002c                AG
 COMMON         0x000000002000017c       0x18 Core/Src/Motors.o
                0x000000002000017c                Motors
 COMMON         0x0000000020000194      0x244 Core/Src/main.o
                0x0000000020000194                hdma_i2c3_tx
                0x00000000200001f4                hdma_uart4_rx
                0x0000000020000254                hi2c3
                0x00000000200002a8                hdma_i2c3_rx
                0x0000000020000308                htim4
                0x0000000020000348                mDataRead
                0x0000000020000358                huart4
                0x0000000020000398                htim14
 COMMON         0x00000000200003d8        0x4 Drivers/STM32F4xx_HAL_Driver/Src/stm32f4xx_hal.o
                0x00000000200003d8                uwTick
                0x00000000200003dc                . = ALIGN (0x4)
                0x00000000200003dc                _ebss = .
                0x00000000200003dc                __bss_end__ = _ebss

._user_heap_stack
                0x00000000200003dc      0x604 load address 0x0000000008007294
                0x00000000200003e0                . = ALIGN (0x8)
 *fill*         0x00000000200003dc        0x4 
                0x00000000200003e0                PROVIDE (end = .)
                [!provide]                        PROVIDE (_end = .)
                0x00000000200005e0                . = (. + _Min_Heap_Size)
 *fill*         0x00000000200003e0      0x200 
                0x00000000200009e0                . = (. + _Min_Stack_Size)
 *fill*         0x00000000200005e0      0x400 
                0x00000000200009e0                . = ALIGN (0x8)

/DISCARD/
 libc.a(*)
 libm.a(*)
 libgcc.a(*)

.ARM.attributes
                0x0000000000000000       0x30
 *(.ARM.attributes)
 .ARM.attributes
                0x0000000000000000       0x22 c:/st/stm32cubeide_1.2.0/stm32cubeide/plugins/com.st.stm32cube.ide.mcu.externaltools.gnu-tools-for-stm32.7-2018-q2-update.win32_1.4.0.202007081208/tools/bin/../lib/gcc/arm-none-eabi/7.3.1/thumb/v7e-m/fpv4-sp/hard/crti.o
 .ARM.attributes
                0x0000000000000022       0x34 c:/st/stm32cubeide_1.2.0/stm32cubeide/plugins/com.st.stm32cube.ide.mcu.externaltools.gnu-tools-for-stm32.7-2018-q2-update.win32_1.4.0.202007081208/tools/bin/../lib/gcc/arm-none-eabi/7.3.1/thumb/v7e-m/fpv4-sp/hard/crtbegin.o
 .ARM.attributes
                0x0000000000000056       0x39 Core/Src/AccGyro.o
 .ARM.attributes
                0x000000000000008f       0x39 Core/Src/Motors.o
 .ARM.attributes
                0x00000000000000c8       0x39 Core/Src/main.o
 .ARM.attributes
                0x0000000000000101       0x39 Core/Src/stm32f4xx_hal_msp.o
 .ARM.attributes
                0x000000000000013a       0x39 Core/Src/stm32f4xx_it.o
 .ARM.attributes
                0x0000000000000173       0x39 Core/Src/system_stm32f4xx.o
 .ARM.attributes
                0x00000000000001ac       0x21 Core/Startup/startup_stm32f446retx.o
 .ARM.attributes
                0x00000000000001cd       0x39 Drivers/STM32F4xx_HAL_Driver/Src/stm32f4xx_hal.o
 .ARM.attributes
                0x0000000000000206       0x39 Drivers/STM32F4xx_HAL_Driver/Src/stm32f4xx_hal_cortex.o
 .ARM.attributes
                0x000000000000023f       0x39 Drivers/STM32F4xx_HAL_Driver/Src/stm32f4xx_hal_dma.o
 .ARM.attributes
                0x0000000000000278       0x39 Drivers/STM32F4xx_HAL_Driver/Src/stm32f4xx_hal_gpio.o
 .ARM.attributes
                0x00000000000002b1       0x39 Drivers/STM32F4xx_HAL_Driver/Src/stm32f4xx_hal_i2c.o
 .ARM.attributes
                0x00000000000002ea       0x39 Drivers/STM32F4xx_HAL_Driver/Src/stm32f4xx_hal_rcc.o
 .ARM.attributes
                0x0000000000000323       0x39 Drivers/STM32F4xx_HAL_Driver/Src/stm32f4xx_hal_rcc_ex.o
 .ARM.attributes
                0x000000000000035c       0x39 Drivers/STM32F4xx_HAL_Driver/Src/stm32f4xx_hal_tim.o
 .ARM.attributes
                0x0000000000000395       0x39 Drivers/STM32F4xx_HAL_Driver/Src/stm32f4xx_hal_tim_ex.o
 .ARM.attributes
                0x00000000000003ce       0x39 Drivers/STM32F4xx_HAL_Driver/Src/stm32f4xx_hal_uart.o
 .ARM.attributes
                0x0000000000000407       0x34 c:/st/stm32cubeide_1.2.0/stm32cubeide/plugins/com.st.stm32cube.ide.mcu.externaltools.gnu-tools-for-stm32.7-2018-q2-update.win32_1.4.0.202007081208/tools/bin/../lib/gcc/arm-none-eabi/7.3.1/../../../../arm-none-eabi/lib/thumb/v7e-m/fpv4-sp/hard\libc_nano.a(lib_a-init.o)
 .ARM.attributes
                0x000000000000043b       0x34 c:/st/stm32cubeide_1.2.0/stm32cubeide/plugins/com.st.stm32cube.ide.mcu.externaltools.gnu-tools-for-stm32.7-2018-q2-update.win32_1.4.0.202007081208/tools/bin/../lib/gcc/arm-none-eabi/7.3.1/../../../../arm-none-eabi/lib/thumb/v7e-m/fpv4-sp/hard\libc_nano.a(lib_a-memset.o)
 .ARM.attributes
                0x000000000000046f       0x22 c:/st/stm32cubeide_1.2.0/stm32cubeide/plugins/com.st.stm32cube.ide.mcu.externaltools.gnu-tools-for-stm32.7-2018-q2-update.win32_1.4.0.202007081208/tools/bin/../lib/gcc/arm-none-eabi/7.3.1/thumb/v7e-m/fpv4-sp/hard\libgcc.a(_aeabi_uldivmod.o)
 .ARM.attributes
                0x0000000000000491       0x34 c:/st/stm32cubeide_1.2.0/stm32cubeide/plugins/com.st.stm32cube.ide.mcu.externaltools.gnu-tools-for-stm32.7-2018-q2-update.win32_1.4.0.202007081208/tools/bin/../lib/gcc/arm-none-eabi/7.3.1/thumb/v7e-m/fpv4-sp/hard\libgcc.a(_udivmoddi4.o)
 .ARM.attributes
                0x00000000000004c5       0x22 c:/st/stm32cubeide_1.2.0/stm32cubeide/plugins/com.st.stm32cube.ide.mcu.externaltools.gnu-tools-for-stm32.7-2018-q2-update.win32_1.4.0.202007081208/tools/bin/../lib/gcc/arm-none-eabi/7.3.1/thumb/v7e-m/fpv4-sp/hard\libgcc.a(_dvmd_tls.o)
 .ARM.attributes
                0x00000000000004e7       0x22 c:/st/stm32cubeide_1.2.0/stm32cubeide/plugins/com.st.stm32cube.ide.mcu.externaltools.gnu-tools-for-stm32.7-2018-q2-update.win32_1.4.0.202007081208/tools/bin/../lib/gcc/arm-none-eabi/7.3.1/thumb/v7e-m/fpv4-sp/hard/crtn.o
OUTPUT(F446_dronas.elf elf32-littlearm)

.debug_info     0x0000000000000000     0xf63e
 .debug_info    0x0000000000000000      0x8a0 Core/Src/AccGyro.o
 .debug_info    0x00000000000008a0      0xae1 Core/Src/Motors.o
 .debug_info    0x0000000000001381     0x17fb Core/Src/main.o
 .debug_info    0x0000000000002b7c     0x127d Core/Src/stm32f4xx_hal_msp.o
 .debug_info    0x0000000000003df9      0xa2c Core/Src/stm32f4xx_it.o
 .debug_info    0x0000000000004825      0x588 Core/Src/system_stm32f4xx.o
 .debug_info    0x0000000000004dad       0x22 Core/Startup/startup_stm32f446retx.o
 .debug_info    0x0000000000004dcf      0x997 Drivers/STM32F4xx_HAL_Driver/Src/stm32f4xx_hal.o
 .debug_info    0x0000000000005766      0xe46 Drivers/STM32F4xx_HAL_Driver/Src/stm32f4xx_hal_cortex.o
 .debug_info    0x00000000000065ac      0x968 Drivers/STM32F4xx_HAL_Driver/Src/stm32f4xx_hal_dma.o
 .debug_info    0x0000000000006f14      0x803 Drivers/STM32F4xx_HAL_Driver/Src/stm32f4xx_hal_gpio.o
 .debug_info    0x0000000000007717     0x23c2 Drivers/STM32F4xx_HAL_Driver/Src/stm32f4xx_hal_i2c.o
 .debug_info    0x0000000000009ad9      0x944 Drivers/STM32F4xx_HAL_Driver/Src/stm32f4xx_hal_rcc.o
 .debug_info    0x000000000000a41d      0x9d5 Drivers/STM32F4xx_HAL_Driver/Src/stm32f4xx_hal_rcc_ex.o
 .debug_info    0x000000000000adf2     0x24a9 Drivers/STM32F4xx_HAL_Driver/Src/stm32f4xx_hal_tim.o
 .debug_info    0x000000000000d29b     0x1157 Drivers/STM32F4xx_HAL_Driver/Src/stm32f4xx_hal_tim_ex.o
 .debug_info    0x000000000000e3f2     0x124c Drivers/STM32F4xx_HAL_Driver/Src/stm32f4xx_hal_uart.o

.debug_abbrev   0x0000000000000000     0x2118
 .debug_abbrev  0x0000000000000000      0x1dd Core/Src/AccGyro.o
 .debug_abbrev  0x00000000000001dd      0x22d Core/Src/Motors.o
 .debug_abbrev  0x000000000000040a      0x2e9 Core/Src/main.o
 .debug_abbrev  0x00000000000006f3      0x1de Core/Src/stm32f4xx_hal_msp.o
 .debug_abbrev  0x00000000000008d1      0x172 Core/Src/stm32f4xx_it.o
 .debug_abbrev  0x0000000000000a43      0x12b Core/Src/system_stm32f4xx.o
 .debug_abbrev  0x0000000000000b6e       0x12 Core/Startup/startup_stm32f446retx.o
 .debug_abbrev  0x0000000000000b80      0x1c7 Drivers/STM32F4xx_HAL_Driver/Src/stm32f4xx_hal.o
 .debug_abbrev  0x0000000000000d47      0x2fa Drivers/STM32F4xx_HAL_Driver/Src/stm32f4xx_hal_cortex.o
 .debug_abbrev  0x0000000000001041      0x229 Drivers/STM32F4xx_HAL_Driver/Src/stm32f4xx_hal_dma.o
 .debug_abbrev  0x000000000000126a      0x1c9 Drivers/STM32F4xx_HAL_Driver/Src/stm32f4xx_hal_gpio.o
 .debug_abbrev  0x0000000000001433      0x254 Drivers/STM32F4xx_HAL_Driver/Src/stm32f4xx_hal_i2c.o
 .debug_abbrev  0x0000000000001687      0x245 Drivers/STM32F4xx_HAL_Driver/Src/stm32f4xx_hal_rcc.o
 .debug_abbrev  0x00000000000018cc      0x1bc Drivers/STM32F4xx_HAL_Driver/Src/stm32f4xx_hal_rcc_ex.o
 .debug_abbrev  0x0000000000001a88      0x230 Drivers/STM32F4xx_HAL_Driver/Src/stm32f4xx_hal_tim.o
 .debug_abbrev  0x0000000000001cb8      0x21e Drivers/STM32F4xx_HAL_Driver/Src/stm32f4xx_hal_tim_ex.o
 .debug_abbrev  0x0000000000001ed6      0x242 Drivers/STM32F4xx_HAL_Driver/Src/stm32f4xx_hal_uart.o

.debug_aranges  0x0000000000000000      0xf88
 .debug_aranges
                0x0000000000000000       0x30 Core/Src/AccGyro.o
 .debug_aranges
                0x0000000000000030       0x40 Core/Src/Motors.o
 .debug_aranges
                0x0000000000000070       0x88 Core/Src/main.o
 .debug_aranges
                0x00000000000000f8       0x58 Core/Src/stm32f4xx_hal_msp.o
 .debug_aranges
                0x0000000000000150       0x98 Core/Src/stm32f4xx_it.o
 .debug_aranges
                0x00000000000001e8       0x28 Core/Src/system_stm32f4xx.o
 .debug_aranges
                0x0000000000000210       0x28 Core/Startup/startup_stm32f446retx.o
 .debug_aranges
                0x0000000000000238       0xf0 Drivers/STM32F4xx_HAL_Driver/Src/stm32f4xx_hal.o
 .debug_aranges
                0x0000000000000328      0x118 Drivers/STM32F4xx_HAL_Driver/Src/stm32f4xx_hal_cortex.o
 .debug_aranges
                0x0000000000000440       0x90 Drivers/STM32F4xx_HAL_Driver/Src/stm32f4xx_hal_dma.o
 .debug_aranges
                0x00000000000004d0       0x58 Drivers/STM32F4xx_HAL_Driver/Src/stm32f4xx_hal_gpio.o
 .debug_aranges
                0x0000000000000528      0x298 Drivers/STM32F4xx_HAL_Driver/Src/stm32f4xx_hal_i2c.o
 .debug_aranges
                0x00000000000007c0       0x88 Drivers/STM32F4xx_HAL_Driver/Src/stm32f4xx_hal_rcc.o
 .debug_aranges
                0x0000000000000848       0x78 Drivers/STM32F4xx_HAL_Driver/Src/stm32f4xx_hal_rcc_ex.o
 .debug_aranges
                0x00000000000008c0      0x3a8 Drivers/STM32F4xx_HAL_Driver/Src/stm32f4xx_hal_tim.o
 .debug_aranges
                0x0000000000000c68      0x150 Drivers/STM32F4xx_HAL_Driver/Src/stm32f4xx_hal_tim_ex.o
 .debug_aranges
                0x0000000000000db8      0x1d0 Drivers/STM32F4xx_HAL_Driver/Src/stm32f4xx_hal_uart.o

.debug_ranges   0x0000000000000000      0xea0
 .debug_ranges  0x0000000000000000       0x20 Core/Src/AccGyro.o
 .debug_ranges  0x0000000000000020       0x30 Core/Src/Motors.o
 .debug_ranges  0x0000000000000050       0x78 Core/Src/main.o
 .debug_ranges  0x00000000000000c8       0x48 Core/Src/stm32f4xx_hal_msp.o
 .debug_ranges  0x0000000000000110       0x88 Core/Src/stm32f4xx_it.o
 .debug_ranges  0x0000000000000198       0x18 Core/Src/system_stm32f4xx.o
 .debug_ranges  0x00000000000001b0       0x20 Core/Startup/startup_stm32f446retx.o
 .debug_ranges  0x00000000000001d0       0xe0 Drivers/STM32F4xx_HAL_Driver/Src/stm32f4xx_hal.o
 .debug_ranges  0x00000000000002b0      0x108 Drivers/STM32F4xx_HAL_Driver/Src/stm32f4xx_hal_cortex.o
 .debug_ranges  0x00000000000003b8       0x80 Drivers/STM32F4xx_HAL_Driver/Src/stm32f4xx_hal_dma.o
 .debug_ranges  0x0000000000000438       0x48 Drivers/STM32F4xx_HAL_Driver/Src/stm32f4xx_hal_gpio.o
 .debug_ranges  0x0000000000000480      0x2a8 Drivers/STM32F4xx_HAL_Driver/Src/stm32f4xx_hal_i2c.o
 .debug_ranges  0x0000000000000728       0x78 Drivers/STM32F4xx_HAL_Driver/Src/stm32f4xx_hal_rcc.o
 .debug_ranges  0x00000000000007a0       0x68 Drivers/STM32F4xx_HAL_Driver/Src/stm32f4xx_hal_rcc_ex.o
 .debug_ranges  0x0000000000000808      0x398 Drivers/STM32F4xx_HAL_Driver/Src/stm32f4xx_hal_tim.o
 .debug_ranges  0x0000000000000ba0      0x140 Drivers/STM32F4xx_HAL_Driver/Src/stm32f4xx_hal_tim_ex.o
 .debug_ranges  0x0000000000000ce0      0x1c0 Drivers/STM32F4xx_HAL_Driver/Src/stm32f4xx_hal_uart.o

.debug_macro    0x0000000000000000    0x21ac9
 .debug_macro   0x0000000000000000      0x20e Core/Src/AccGyro.o
 .debug_macro   0x000000000000020e      0xa5a Core/Src/AccGyro.o
 .debug_macro   0x0000000000000c68      0x29a Core/Src/AccGyro.o
 .debug_macro   0x0000000000000f02       0x2e Core/Src/AccGyro.o
 .debug_macro   0x0000000000000f30       0x28 Core/Src/AccGyro.o
 .debug_macro   0x0000000000000f58       0x22 Core/Src/AccGyro.o
 .debug_macro   0x0000000000000f7a       0x8e Core/Src/AccGyro.o
 .debug_macro   0x0000000000001008       0x51 Core/Src/AccGyro.o
 .debug_macro   0x0000000000001059       0xef Core/Src/AccGyro.o
 .debug_macro   0x0000000000001148       0x6a Core/Src/AccGyro.o
 .debug_macro   0x00000000000011b2      0x1df Core/Src/AccGyro.o
 .debug_macro   0x0000000000001391       0x1c Core/Src/AccGyro.o
 .debug_macro   0x00000000000013ad       0x22 Core/Src/AccGyro.o
 .debug_macro   0x00000000000013cf       0xdf Core/Src/AccGyro.o
 .debug_macro   0x00000000000014ae     0x102d Core/Src/AccGyro.o
 .debug_macro   0x00000000000024db      0x11f Core/Src/AccGyro.o
 .debug_macro   0x00000000000025fa    0x1672d Core/Src/AccGyro.o
 .debug_macro   0x0000000000018d27       0x43 Core/Src/AccGyro.o
 .debug_macro   0x0000000000018d6a     0x3659 Core/Src/AccGyro.o
 .debug_macro   0x000000000001c3c3      0x174 Core/Src/AccGyro.o
 .debug_macro   0x000000000001c537       0x5a Core/Src/AccGyro.o
 .debug_macro   0x000000000001c591      0xc90 Core/Src/AccGyro.o
 .debug_macro   0x000000000001d221      0x9fe Core/Src/AccGyro.o
 .debug_macro   0x000000000001dc1f      0x117 Core/Src/AccGyro.o
 .debug_macro   0x000000000001dd36      0x1a0 Core/Src/AccGyro.o
 .debug_macro   0x000000000001ded6       0x27 Core/Src/AccGyro.o
 .debug_macro   0x000000000001defd      0x16d Core/Src/AccGyro.o
 .debug_macro   0x000000000001e06a      0x287 Core/Src/AccGyro.o
 .debug_macro   0x000000000001e2f1       0x5f Core/Src/AccGyro.o
 .debug_macro   0x000000000001e350      0x236 Core/Src/AccGyro.o
 .debug_macro   0x000000000001e586      0x132 Core/Src/AccGyro.o
 .debug_macro   0x000000000001e6b8      0x29c Core/Src/AccGyro.o
 .debug_macro   0x000000000001e954       0x2e Core/Src/AccGyro.o
 .debug_macro   0x000000000001e982      0x1b5 Core/Src/AccGyro.o
 .debug_macro   0x000000000001eb37       0x22 Core/Src/AccGyro.o
 .debug_macro   0x000000000001eb59       0xd6 Core/Src/AccGyro.o
 .debug_macro   0x000000000001ec2f      0x11a Core/Src/AccGyro.o
 .debug_macro   0x000000000001ed49       0xe8 Core/Src/AccGyro.o
 .debug_macro   0x000000000001ee31       0x89 Core/Src/AccGyro.o
 .debug_macro   0x000000000001eeba      0x8a0 Core/Src/AccGyro.o
 .debug_macro   0x000000000001f75a       0x4d Core/Src/AccGyro.o
 .debug_macro   0x000000000001f7a7      0x287 Core/Src/AccGyro.o
 .debug_macro   0x000000000001fa2e      0x126 Core/Src/AccGyro.o
 .debug_macro   0x000000000001fb54       0x10 Core/Src/AccGyro.o
 .debug_macro   0x000000000001fb64       0x40 Core/Src/AccGyro.o
 .debug_macro   0x000000000001fba4       0x7c Core/Src/AccGyro.o
 .debug_macro   0x000000000001fc20      0x212 Core/Src/Motors.o
 .debug_macro   0x000000000001fe32       0x82 Core/Src/Motors.o
 .debug_macro   0x000000000001feb4      0x22a Core/Src/main.o
 .debug_macro   0x00000000000200de      0x1f6 Core/Src/stm32f4xx_hal_msp.o
 .debug_macro   0x00000000000202d4      0x200 Core/Src/stm32f4xx_it.o
 .debug_macro   0x00000000000204d4      0x1ed Core/Src/system_stm32f4xx.o
 .debug_macro   0x00000000000206c1      0x247 Drivers/STM32F4xx_HAL_Driver/Src/stm32f4xx_hal.o
 .debug_macro   0x0000000000020908      0x1e7 Drivers/STM32F4xx_HAL_Driver/Src/stm32f4xx_hal_cortex.o
 .debug_macro   0x0000000000020aef      0x1ed Drivers/STM32F4xx_HAL_Driver/Src/stm32f4xx_hal_dma.o
 .debug_macro   0x0000000000020cdc      0x21d Drivers/STM32F4xx_HAL_Driver/Src/stm32f4xx_hal_gpio.o
 .debug_macro   0x0000000000020ef9      0x227 Drivers/STM32F4xx_HAL_Driver/Src/stm32f4xx_hal_i2c.o
 .debug_macro   0x0000000000021120      0x20b Drivers/STM32F4xx_HAL_Driver/Src/stm32f4xx_hal_rcc.o
 .debug_macro   0x000000000002132b      0x1e7 Drivers/STM32F4xx_HAL_Driver/Src/stm32f4xx_hal_rcc_ex.o
 .debug_macro   0x0000000000021512      0x1e8 Drivers/STM32F4xx_HAL_Driver/Src/stm32f4xx_hal_tim.o
 .debug_macro   0x00000000000216fa      0x1e7 Drivers/STM32F4xx_HAL_Driver/Src/stm32f4xx_hal_tim_ex.o
 .debug_macro   0x00000000000218e1      0x1e8 Drivers/STM32F4xx_HAL_Driver/Src/stm32f4xx_hal_uart.o

.debug_line     0x0000000000000000     0xbb4d
 .debug_line    0x0000000000000000      0x762 Core/Src/AccGyro.o
 .debug_line    0x0000000000000762      0x82a Core/Src/Motors.o
 .debug_line    0x0000000000000f8c      0x8c7 Core/Src/main.o
 .debug_line    0x0000000000001853      0x7d9 Core/Src/stm32f4xx_hal_msp.o
 .debug_line    0x000000000000202c      0x814 Core/Src/stm32f4xx_it.o
 .debug_line    0x0000000000002840      0x70d Core/Src/system_stm32f4xx.o
 .debug_line    0x0000000000002f4d       0x85 Core/Startup/startup_stm32f446retx.o
 .debug_line    0x0000000000002fd2      0x8f7 Drivers/STM32F4xx_HAL_Driver/Src/stm32f4xx_hal.o
 .debug_line    0x00000000000038c9      0xa1b Drivers/STM32F4xx_HAL_Driver/Src/stm32f4xx_hal_cortex.o
 .debug_line    0x00000000000042e4      0x9c5 Drivers/STM32F4xx_HAL_Driver/Src/stm32f4xx_hal_dma.o
 .debug_line    0x0000000000004ca9      0x8c2 Drivers/STM32F4xx_HAL_Driver/Src/stm32f4xx_hal_gpio.o
 .debug_line    0x000000000000556b     0x1b31 Drivers/STM32F4xx_HAL_Driver/Src/stm32f4xx_hal_i2c.o
 .debug_line    0x000000000000709c      0x94f Drivers/STM32F4xx_HAL_Driver/Src/stm32f4xx_hal_rcc.o
 .debug_line    0x00000000000079eb      0xae0 Drivers/STM32F4xx_HAL_Driver/Src/stm32f4xx_hal_rcc_ex.o
 .debug_line    0x00000000000084cb     0x1970 Drivers/STM32F4xx_HAL_Driver/Src/stm32f4xx_hal_tim.o
 .debug_line    0x0000000000009e3b      0xd0d Drivers/STM32F4xx_HAL_Driver/Src/stm32f4xx_hal_tim_ex.o
 .debug_line    0x000000000000ab48     0x1005 Drivers/STM32F4xx_HAL_Driver/Src/stm32f4xx_hal_uart.o

.debug_str      0x0000000000000000    0xce143
 .debug_str     0x0000000000000000    0xc9ba5 Core/Src/AccGyro.o
                                      0xc9ec0 (size before relaxing)
 .debug_str     0x00000000000c9ba5       0xbb Core/Src/Motors.o
                                      0xc9f48 (size before relaxing)
 .debug_str     0x00000000000c9c60      0xda7 Core/Src/main.o
                                      0xcace1 (size before relaxing)
 .debug_str     0x00000000000caa07       0xbc Core/Src/stm32f4xx_hal_msp.o
                                      0xca682 (size before relaxing)
 .debug_str     0x00000000000caac3      0x15e Core/Src/stm32f4xx_it.o
                                      0xc9e9a (size before relaxing)
 .debug_str     0x00000000000cac21       0xc4 Core/Src/system_stm32f4xx.o
                                      0xc97f0 (size before relaxing)
 .debug_str     0x00000000000cace5       0x36 Core/Startup/startup_stm32f446retx.o
                                         0x69 (size before relaxing)
 .debug_str     0x00000000000cad1b      0x58d Drivers/STM32F4xx_HAL_Driver/Src/stm32f4xx_hal.o
                                      0xca2fe (size before relaxing)
 .debug_str     0x00000000000cb2a8      0x399 Drivers/STM32F4xx_HAL_Driver/Src/stm32f4xx_hal_cortex.o
                                      0xca0c8 (size before relaxing)
 .debug_str     0x00000000000cb641      0x323 Drivers/STM32F4xx_HAL_Driver/Src/stm32f4xx_hal_dma.o
                                      0xc9be0 (size before relaxing)
 .debug_str     0x00000000000cb964      0x1e7 Drivers/STM32F4xx_HAL_Driver/Src/stm32f4xx_hal_gpio.o
                                      0xc9a2f (size before relaxing)
 .debug_str     0x00000000000cbb4b      0xa6c Drivers/STM32F4xx_HAL_Driver/Src/stm32f4xx_hal_i2c.o
                                      0xca719 (size before relaxing)
 .debug_str     0x00000000000cc5b7      0x24e Drivers/STM32F4xx_HAL_Driver/Src/stm32f4xx_hal_rcc.o
                                      0xc9be2 (size before relaxing)
 .debug_str     0x00000000000cc805      0x324 Drivers/STM32F4xx_HAL_Driver/Src/stm32f4xx_hal_rcc_ex.o
                                      0xc9c34 (size before relaxing)
 .debug_str     0x00000000000ccb29      0xc89 Drivers/STM32F4xx_HAL_Driver/Src/stm32f4xx_hal_tim.o
                                      0xca8d7 (size before relaxing)
 .debug_str     0x00000000000cd7b2      0x4a2 Drivers/STM32F4xx_HAL_Driver/Src/stm32f4xx_hal_tim_ex.o
                                      0xca0d7 (size before relaxing)
 .debug_str     0x00000000000cdc54      0x4ef Drivers/STM32F4xx_HAL_Driver/Src/stm32f4xx_hal_uart.o
                                      0xca017 (size before relaxing)

.comment        0x0000000000000000       0x7b
 .comment       0x0000000000000000       0x7b Core/Src/AccGyro.o
                                         0x7c (size before relaxing)
 .comment       0x000000000000007b       0x7c Core/Src/Motors.o
 .comment       0x000000000000007b       0x7c Core/Src/main.o
 .comment       0x000000000000007b       0x7c Core/Src/stm32f4xx_hal_msp.o
 .comment       0x000000000000007b       0x7c Core/Src/stm32f4xx_it.o
 .comment       0x000000000000007b       0x7c Core/Src/system_stm32f4xx.o
 .comment       0x000000000000007b       0x7c Drivers/STM32F4xx_HAL_Driver/Src/stm32f4xx_hal.o
 .comment       0x000000000000007b       0x7c Drivers/STM32F4xx_HAL_Driver/Src/stm32f4xx_hal_cortex.o
 .comment       0x000000000000007b       0x7c Drivers/STM32F4xx_HAL_Driver/Src/stm32f4xx_hal_dma.o
 .comment       0x000000000000007b       0x7c Drivers/STM32F4xx_HAL_Driver/Src/stm32f4xx_hal_gpio.o
 .comment       0x000000000000007b       0x7c Drivers/STM32F4xx_HAL_Driver/Src/stm32f4xx_hal_i2c.o
 .comment       0x000000000000007b       0x7c Drivers/STM32F4xx_HAL_Driver/Src/stm32f4xx_hal_rcc.o
 .comment       0x000000000000007b       0x7c Drivers/STM32F4xx_HAL_Driver/Src/stm32f4xx_hal_rcc_ex.o
 .comment       0x000000000000007b       0x7c Drivers/STM32F4xx_HAL_Driver/Src/stm32f4xx_hal_tim.o
 .comment       0x000000000000007b       0x7c Drivers/STM32F4xx_HAL_Driver/Src/stm32f4xx_hal_tim_ex.o
 .comment       0x000000000000007b       0x7c Drivers/STM32F4xx_HAL_Driver/Src/stm32f4xx_hal_uart.o

.debug_frame    0x0000000000000000     0x41f8
 .debug_frame   0x0000000000000000       0x80 Core/Src/AccGyro.o
 .debug_frame   0x0000000000000080       0xd4 Core/Src/Motors.o
 .debug_frame   0x0000000000000154      0x1f8 Core/Src/main.o
 .debug_frame   0x000000000000034c      0x134 Core/Src/stm32f4xx_hal_msp.o
 .debug_frame   0x0000000000000480      0x1d0 Core/Src/stm32f4xx_it.o
 .debug_frame   0x0000000000000650       0x58 Core/Src/system_stm32f4xx.o
 .debug_frame   0x00000000000006a8      0x374 Drivers/STM32F4xx_HAL_Driver/Src/stm32f4xx_hal.o
 .debug_frame   0x0000000000000a1c      0x498 Drivers/STM32F4xx_HAL_Driver/Src/stm32f4xx_hal_cortex.o
 .debug_frame   0x0000000000000eb4      0x250 Drivers/STM32F4xx_HAL_Driver/Src/stm32f4xx_hal_dma.o
 .debug_frame   0x0000000000001104      0x14c Drivers/STM32F4xx_HAL_Driver/Src/stm32f4xx_hal_gpio.o
 .debug_frame   0x0000000000001250      0xc38 Drivers/STM32F4xx_HAL_Driver/Src/stm32f4xx_hal_i2c.o
 .debug_frame   0x0000000000001e88      0x1f0 Drivers/STM32F4xx_HAL_Driver/Src/stm32f4xx_hal_rcc.o
 .debug_frame   0x0000000000002078      0x1e0 Drivers/STM32F4xx_HAL_Driver/Src/stm32f4xx_hal_rcc_ex.o
 .debug_frame   0x0000000000002258     0x10f0 Drivers/STM32F4xx_HAL_Driver/Src/stm32f4xx_hal_tim.o
 .debug_frame   0x0000000000003348      0x5c0 Drivers/STM32F4xx_HAL_Driver/Src/stm32f4xx_hal_tim_ex.o
 .debug_frame   0x0000000000003908      0x844 Drivers/STM32F4xx_HAL_Driver/Src/stm32f4xx_hal_uart.o
 .debug_frame   0x000000000000414c       0x2c c:/st/stm32cubeide_1.2.0/stm32cubeide/plugins/com.st.stm32cube.ide.mcu.externaltools.gnu-tools-for-stm32.7-2018-q2-update.win32_1.4.0.202007081208/tools/bin/../lib/gcc/arm-none-eabi/7.3.1/../../../../arm-none-eabi/lib/thumb/v7e-m/fpv4-sp/hard\libc_nano.a(lib_a-init.o)
 .debug_frame   0x0000000000004178       0x20 c:/st/stm32cubeide_1.2.0/stm32cubeide/plugins/com.st.stm32cube.ide.mcu.externaltools.gnu-tools-for-stm32.7-2018-q2-update.win32_1.4.0.202007081208/tools/bin/../lib/gcc/arm-none-eabi/7.3.1/../../../../arm-none-eabi/lib/thumb/v7e-m/fpv4-sp/hard\libc_nano.a(lib_a-memset.o)
 .debug_frame   0x0000000000004198       0x2c c:/st/stm32cubeide_1.2.0/stm32cubeide/plugins/com.st.stm32cube.ide.mcu.externaltools.gnu-tools-for-stm32.7-2018-q2-update.win32_1.4.0.202007081208/tools/bin/../lib/gcc/arm-none-eabi/7.3.1/thumb/v7e-m/fpv4-sp/hard\libgcc.a(_aeabi_uldivmod.o)
 .debug_frame   0x00000000000041c4       0x34 c:/st/stm32cubeide_1.2.0/stm32cubeide/plugins/com.st.stm32cube.ide.mcu.externaltools.gnu-tools-for-stm32.7-2018-q2-update.win32_1.4.0.202007081208/tools/bin/../lib/gcc/arm-none-eabi/7.3.1/thumb/v7e-m/fpv4-sp/hard\libgcc.a(_udivmoddi4.o)
