main.c:87:6:HAL_I2C_MemRxCpltCallback	16	static
main.c:96:6:HAL_GPIO_EXTI_Callback	16	static
main.c:112:5:main	24	static
main.c:225:6:SystemClock_Config	88	static
main.c:268:13:MX_I2C3_Init	8	static
main.c:300:13:MX_TIM4_Init	64	static
main.c:367:13:MX_TIM14_Init	8	static
main.c:396:13:MX_UART4_Init	8	static
main.c:425:13:MX_DMA_Init	16	static
main.c:442:13:MX_GPIO_Init	40	static
main.c:473:9:getCRC	24	static
main.c:487:6:HAL_TIM_PeriodElapsedCallback	16	static
main.c:499:6:HAL_UART_RxCpltCallback	16	static
main.c:511:6:Error_Handler	4	static
